 
****************************************
Report : threshold voltage group
Design : AMDCHIPKILL_ENCODER
Version: Q-2019.12-SP5-5
Date   : Wed Apr 19 15:04:40 2023
****************************************

********************************************************************************
                        Threshold Voltage Group Report                         

Vth Group                All                Blackbox           Non-blackbox
Name                    cells                cells                cells
********************************************************************************
LVT35                  79 (100.00%)          0   (0.00%)         79 (100.00%)   
********************************************************************************

Vth Group                All                Blackbox           Non-blackbox
Name                  cell area            cell area            cell area
********************************************************************************
LVT35              113.06 (100.00%)       0.00   (0.00%)     113.06 (100.00%)   
********************************************************************************
1
